// Jest Snapshot v1, https://goo.gl/fbAQLP

exports[`todo snapshot test 1`] = `
<div
  className="App"
>
  <h1>
    Todos
  </h1>
  <form
    className="to-do-form"
    onSubmit={[Function]}
  >
    <input
      onChange={[Function]}
      placeholder="Add new task"
      type="text"
      value=""
    />
    <button
      className="arrow-buton"
    >
      <i
        aria-hidden="true"
        class="fa fa-arrow-right"
      />
    </button>
  </form>
  <div
    className="todos"
  >
    All(
    0
    )
  </div>
  <div
    className="list"
  />
</div>
`;
